Component: ARM Compiler 5.06 update 6 (build 750) Tool: armlink [4d35ed]

==============================================================================

Section Cross References

    main.o(main) refers (Special) to adc2_init.o(routines) for ADC_Sample
    main.o(main) refers to clk_init.o(routines) for CLK_Init
    main.o(main) refers to gpio_init.o(routines) for BUTT_INIT
    main.o(main) refers to led_init.o(routines) for LED_INIT
    main.o(main) refers to timer2_init.o(routines) for Timer2_Init
    main.o(main) refers to timer3_init.o(routines) for Timer3_Init
    main.o(main) refers to i2c_init.o(routines) for I2C_Init
    main.o(main) refers to adc_init.o(routines) for ADC_Init
    startup.o(STACK) refers (Special) to heapauxi.o(.text) for __use_two_region_memory
    startup.o(HEAP) refers (Special) to heapauxi.o(.text) for __use_two_region_memory
    startup.o(RESET) refers (Special) to heapauxi.o(.text) for __use_two_region_memory
    startup.o(RESET) refers to startup.o(STACK) for StackMem
    startup.o(RESET) refers to main.o(main) for __main
    startup.o(RESET) refers to timer2_init.o(routines) for TM2_Handler
    startup.o(RESET) refers to timer3_init.o(routines) for TM3_Handler
    startup.o(.text) refers (Special) to heapauxi.o(.text) for __use_two_region_memory
    startup.o(.text) refers to startup.o(HEAP) for HeapMem
    startup.o(.text) refers to startup.o(STACK) for StackMem
    timer2_init.o(routines) refers to adc2_init.o(routines) for ADC_Sample
    timer2_init.o(routines) refers to i2c_init.o(routines) for Write_I2C
    timer3_init.o(routines) refers to adc_init.o(routines) for ADC_Store
    gpio_init.o(routines) refers to delay_100.o(.text) for d100ms


==============================================================================

Removing Unused input sections from the image.

    Removing startup.o(HEAP), (0 bytes).
    Removing startup.o(.text), (48 bytes).

2 unused section(s) (total 48 bytes) removed from the image.

==============================================================================

Image Symbol Table

    Local Symbols

    Symbol Name                              Value     Ov Type        Size  Object(Section)

    RESET                                    0x00000000   Section      652  startup.o(RESET)
    ../clib/heapaux.c                        0x00000000   Number         0  heapauxi.o ABSOLUTE
    ADC2_Init.s                              0x00000000   Number         0  adc2_init.o ABSOLUTE
    ADC_Init.s                               0x00000000   Number         0  adc_init.o ABSOLUTE
    CLK_Init.s                               0x00000000   Number         0  clk_init.o ABSOLUTE
    Delay_100.s                              0x00000000   Number         0  delay_100.o ABSOLUTE
    GPIO_Init.s                              0x00000000   Number         0  gpio_init.o ABSOLUTE
    I2C_Init.s                               0x00000000   Number         0  i2c_init.o ABSOLUTE
    LED_Init.s                               0x00000000   Number         0  led_init.o ABSOLUTE
    Main.s                                   0x00000000   Number         0  main.o ABSOLUTE
    Startup.s                                0x00000000   Number         0  startup.o ABSOLUTE
    Timer2_Init.s                            0x00000000   Number         0  timer2_init.o ABSOLUTE
    Timer3_Init.s                            0x00000000   Number         0  timer3_init.o ABSOLUTE
    dc.s                                     0x00000000   Number         0  dc.o ABSOLUTE
    $v0                                      0x0000026c   Number         0  startup.o(RESET)
    .text                                    0x0000028c   Section       40  delay_100.o(.text)
    $v0                                      0x0000028c   Number         0  delay_100.o(.text)
    .text                                    0x000002b4   Section        0  heapauxi.o(.text)
    main                                     0x000002bc   Section       96  main.o(main)
    $v0                                      0x000002bc   Number         0  main.o(main)
    routines                                 0x0000031c   Section      212  i2c_init.o(routines)
    $v0                                      0x0000031c   Number         0  i2c_init.o(routines)
    routines                                 0x000003f0   Section      224  timer2_init.o(routines)
    $v0                                      0x000003f0   Number         0  timer2_init.o(routines)
    routines                                 0x000004d0   Section      208  timer3_init.o(routines)
    $v0                                      0x000004d0   Number         0  timer3_init.o(routines)
    routines                                 0x000005a0   Section      224  adc_init.o(routines)
    $v0                                      0x000005a0   Number         0  adc_init.o(routines)
    routines                                 0x00000680   Section      128  clk_init.o(routines)
    $v0                                      0x00000680   Number         0  clk_init.o(routines)
    routines                                 0x00000700   Section      244  adc2_init.o(routines)
    $v0                                      0x00000700   Number         0  adc2_init.o(routines)
    routines                                 0x000007f4   Section      224  gpio_init.o(routines)
    $v0                                      0x000007f4   Number         0  gpio_init.o(routines)
    routines                                 0x000008d4   Section      100  led_init.o(routines)
    $v0                                      0x000008d4   Number         0  led_init.o(routines)
    STACK                                    0x20000000   Section     1024  startup.o(STACK)
    StackMem                                 0x20000000   Data           0  startup.o(STACK)

    Global Symbols

    Symbol Name                              Value     Ov Type        Size  Object(Section)

    BuildAttributes$$THM_ISAv4$E$P$D$K$B$S$7EM$VFPi3$EXTD16$VFPS$VFMA$PE$A:L22UL41UL21$X:L11$S22US41US21$IEEE1$IW$USESV6$~STKCKD$USESV7$~SHL$OSPACE$ROPI$EBA8$STANDARDLIB$REQ8$EABIv2 0x00000000   Number         0  anon$$obj.o ABSOLUTE
    __Vectors                                0x00000000   Data           0  startup.o(RESET)
    Reset_Handler                            0x0000026d   Thumb Code     0  startup.o(RESET)
    NMI_Handler                              0x00000271   Thumb Code     2  startup.o(RESET)
    HardFault_Handler                        0x00000273   Thumb Code     2  startup.o(RESET)
    MemManage_Handler                        0x00000275   Thumb Code     2  startup.o(RESET)
    BusFault_Handler                         0x00000277   Thumb Code     2  startup.o(RESET)
    UsageFault_Handler                       0x00000279   Thumb Code     2  startup.o(RESET)
    SVC_Handler                              0x0000027b   Thumb Code     2  startup.o(RESET)
    DebugMon_Handler                         0x0000027d   Thumb Code     2  startup.o(RESET)
    PendSV_Handler                           0x0000027f   Thumb Code     2  startup.o(RESET)
    SysTick_Handler                          0x00000281   Thumb Code     2  startup.o(RESET)
    ADC0Seq0_Handler                         0x00000283   Thumb Code     0  startup.o(RESET)
    ADC0Seq1_Handler                         0x00000283   Thumb Code     0  startup.o(RESET)
    ADC0Seq2_Handler                         0x00000283   Thumb Code     0  startup.o(RESET)
    ADC0Seq3_Handler                         0x00000283   Thumb Code     0  startup.o(RESET)
    GPIOPortA_Handler                        0x00000283   Thumb Code     0  startup.o(RESET)
    GPIOPortB_Handler                        0x00000283   Thumb Code     0  startup.o(RESET)
    GPIOPortC_Handler                        0x00000283   Thumb Code     0  startup.o(RESET)
    GPIOPortD_Handler                        0x00000283   Thumb Code     0  startup.o(RESET)
    GPIOPortE_Handler                        0x00000283   Thumb Code     0  startup.o(RESET)
    I2C0_Handler                             0x00000283   Thumb Code     0  startup.o(RESET)
    PWM0Fault_Handler                        0x00000283   Thumb Code     0  startup.o(RESET)
    PWM0Generator0_Handler                   0x00000283   Thumb Code     0  startup.o(RESET)
    PWM0Generator1_Handler                   0x00000283   Thumb Code     0  startup.o(RESET)
    PWM0Generator2_Handler                   0x00000283   Thumb Code     0  startup.o(RESET)
    Quadrature0_Handler                      0x00000283   Thumb Code     0  startup.o(RESET)
    SSI0_Handler                             0x00000283   Thumb Code     0  startup.o(RESET)
    Timer0A_Handler                          0x00000283   Thumb Code     0  startup.o(RESET)
    Timer0B_Handler                          0x00000283   Thumb Code     0  startup.o(RESET)
    Timer1A_Handler                          0x00000283   Thumb Code     0  startup.o(RESET)
    Timer1B_Handler                          0x00000283   Thumb Code     0  startup.o(RESET)
    Timer2A_Handler                          0x00000283   Thumb Code     0  startup.o(RESET)
    UART0_Handler                            0x00000283   Thumb Code     0  startup.o(RESET)
    UART1_Handler                            0x00000283   Thumb Code     0  startup.o(RESET)
    WDT_Handler                              0x00000283   Thumb Code     0  startup.o(RESET)
    Comp0_Handler                            0x00000287   Thumb Code     0  startup.o(RESET)
    Comp1_Handler                            0x00000287   Thumb Code     0  startup.o(RESET)
    Comp2_Handler                            0x00000287   Thumb Code     0  startup.o(RESET)
    FlashCtl_Handler                         0x00000287   Thumb Code     0  startup.o(RESET)
    GPIOPortF_Handler                        0x00000287   Thumb Code     0  startup.o(RESET)
    GPIOPortG_Handler                        0x00000287   Thumb Code     0  startup.o(RESET)
    GPIOPortH_Handler                        0x00000287   Thumb Code     0  startup.o(RESET)
    SSI1_Handler                             0x00000287   Thumb Code     0  startup.o(RESET)
    SysCtl_Handler                           0x00000287   Thumb Code     0  startup.o(RESET)
    Timer2B_Handler                          0x00000287   Thumb Code     0  startup.o(RESET)
    Timer3A_Handler                          0x00000287   Thumb Code     0  startup.o(RESET)
    UART2_Handler                            0x00000287   Thumb Code     0  startup.o(RESET)
    ADC1Seq0_Handler                         0x0000028b   Thumb Code     0  startup.o(RESET)
    ADC1Seq1_Handler                         0x0000028b   Thumb Code     0  startup.o(RESET)
    ADC1Seq2_Handler                         0x0000028b   Thumb Code     0  startup.o(RESET)
    ADC1Seq3_Handler                         0x0000028b   Thumb Code     0  startup.o(RESET)
    CAN0_Handler                             0x0000028b   Thumb Code     0  startup.o(RESET)
    CAN1_Handler                             0x0000028b   Thumb Code     0  startup.o(RESET)
    CAN2_Handler                             0x0000028b   Thumb Code     0  startup.o(RESET)
    Ethernet_Handler                         0x0000028b   Thumb Code     0  startup.o(RESET)
    ExtBus_Handler                           0x0000028b   Thumb Code     0  startup.o(RESET)
    FPU_Handler                              0x0000028b   Thumb Code     0  startup.o(RESET)
    Fan0_Handler                             0x0000028b   Thumb Code     0  startup.o(RESET)
    GPIOPortJ_Handler                        0x0000028b   Thumb Code     0  startup.o(RESET)
    GPIOPortK_Handler                        0x0000028b   Thumb Code     0  startup.o(RESET)
    GPIOPortL_Handler                        0x0000028b   Thumb Code     0  startup.o(RESET)
    GPIOPortM_Handler                        0x0000028b   Thumb Code     0  startup.o(RESET)
    GPIOPortN_Handler                        0x0000028b   Thumb Code     0  startup.o(RESET)
    GPIOPortP1_Handler                       0x0000028b   Thumb Code     0  startup.o(RESET)
    GPIOPortP2_Handler                       0x0000028b   Thumb Code     0  startup.o(RESET)
    GPIOPortP3_Handler                       0x0000028b   Thumb Code     0  startup.o(RESET)
    GPIOPortP4_Handler                       0x0000028b   Thumb Code     0  startup.o(RESET)
    GPIOPortP5_Handler                       0x0000028b   Thumb Code     0  startup.o(RESET)
    GPIOPortP6_Handler                       0x0000028b   Thumb Code     0  startup.o(RESET)
    GPIOPortP7_Handler                       0x0000028b   Thumb Code     0  startup.o(RESET)
    GPIOPortP_Handler                        0x0000028b   Thumb Code     0  startup.o(RESET)
    GPIOPortQ1_Handler                       0x0000028b   Thumb Code     0  startup.o(RESET)
    GPIOPortQ2_Handler                       0x0000028b   Thumb Code     0  startup.o(RESET)
    GPIOPortQ3_Handler                       0x0000028b   Thumb Code     0  startup.o(RESET)
    GPIOPortQ4_Handler                       0x0000028b   Thumb Code     0  startup.o(RESET)
    GPIOPortQ5_Handler                       0x0000028b   Thumb Code     0  startup.o(RESET)
    GPIOPortQ6_Handler                       0x0000028b   Thumb Code     0  startup.o(RESET)
    GPIOPortQ7_Handler                       0x0000028b   Thumb Code     0  startup.o(RESET)
    GPIOPortQ_Handler                        0x0000028b   Thumb Code     0  startup.o(RESET)
    GPIOPortR_Handler                        0x0000028b   Thumb Code     0  startup.o(RESET)
    GPIOPortS_Handler                        0x0000028b   Thumb Code     0  startup.o(RESET)
    Hibernate_Handler                        0x0000028b   Thumb Code     0  startup.o(RESET)
    I2C1_Handler                             0x0000028b   Thumb Code     0  startup.o(RESET)
    I2C2_Handler                             0x0000028b   Thumb Code     0  startup.o(RESET)
    I2C3_Handler                             0x0000028b   Thumb Code     0  startup.o(RESET)
    I2C4_Handler                             0x0000028b   Thumb Code     0  startup.o(RESET)
    I2C5_Handler                             0x0000028b   Thumb Code     0  startup.o(RESET)
    I2S0_Handler                             0x0000028b   Thumb Code     0  startup.o(RESET)
    LPC0_Handler                             0x0000028b   Thumb Code     0  startup.o(RESET)
    PECI0_Handler                            0x0000028b   Thumb Code     0  startup.o(RESET)
    PWM0Generator3_Handler                   0x0000028b   Thumb Code     0  startup.o(RESET)
    PWM1Fault_Handler                        0x0000028b   Thumb Code     0  startup.o(RESET)
    PWM1Generator0_Handler                   0x0000028b   Thumb Code     0  startup.o(RESET)
    PWM1Generator1_Handler                   0x0000028b   Thumb Code     0  startup.o(RESET)
    PWM1Generator2_Handler                   0x0000028b   Thumb Code     0  startup.o(RESET)
    PWM1Generator3_Handler                   0x0000028b   Thumb Code     0  startup.o(RESET)
    Quadrature1_Handler                      0x0000028b   Thumb Code     0  startup.o(RESET)
    Quadrature2_Handler                      0x0000028b   Thumb Code     0  startup.o(RESET)
    SSI2_Handler                             0x0000028b   Thumb Code     0  startup.o(RESET)
    SSI3_Handler                             0x0000028b   Thumb Code     0  startup.o(RESET)
    Timer3B_Handler                          0x0000028b   Thumb Code     0  startup.o(RESET)
    Timer4A_Handler                          0x0000028b   Thumb Code     0  startup.o(RESET)
    Timer4B_Handler                          0x0000028b   Thumb Code     0  startup.o(RESET)
    Timer5A_Handler                          0x0000028b   Thumb Code     0  startup.o(RESET)
    Timer5B_Handler                          0x0000028b   Thumb Code     0  startup.o(RESET)
    UART3_Handler                            0x0000028b   Thumb Code     0  startup.o(RESET)
    UART4_Handler                            0x0000028b   Thumb Code     0  startup.o(RESET)
    UART5_Handler                            0x0000028b   Thumb Code     0  startup.o(RESET)
    UART6_Handler                            0x0000028b   Thumb Code     0  startup.o(RESET)
    UART7_Handler                            0x0000028b   Thumb Code     0  startup.o(RESET)
    USB0_Handler                             0x0000028b   Thumb Code     0  startup.o(RESET)
    WideTimer0A_Handler                      0x0000028b   Thumb Code     0  startup.o(RESET)
    WideTimer0B_Handler                      0x0000028b   Thumb Code     0  startup.o(RESET)
    WideTimer1A_Handler                      0x0000028b   Thumb Code     0  startup.o(RESET)
    WideTimer1B_Handler                      0x0000028b   Thumb Code     0  startup.o(RESET)
    WideTimer2A_Handler                      0x0000028b   Thumb Code     0  startup.o(RESET)
    WideTimer2B_Handler                      0x0000028b   Thumb Code     0  startup.o(RESET)
    WideTimer3A_Handler                      0x0000028b   Thumb Code     0  startup.o(RESET)
    WideTimer3B_Handler                      0x0000028b   Thumb Code     0  startup.o(RESET)
    WideTimer4A_Handler                      0x0000028b   Thumb Code     0  startup.o(RESET)
    WideTimer4B_Handler                      0x0000028b   Thumb Code     0  startup.o(RESET)
    WideTimer5A_Handler                      0x0000028b   Thumb Code     0  startup.o(RESET)
    WideTimer5B_Handler                      0x0000028b   Thumb Code     0  startup.o(RESET)
    uDMA_Error                               0x0000028b   Thumb Code     0  startup.o(RESET)
    uDMA_Handler                             0x0000028b   Thumb Code     0  startup.o(RESET)
    d100ms                                   0x0000028d   Thumb Code    36  delay_100.o(.text)
    __use_two_region_memory                  0x000002b5   Thumb Code     2  heapauxi.o(.text)
    __rt_heap_escrow$2region                 0x000002b7   Thumb Code     2  heapauxi.o(.text)
    __rt_heap_expand$2region                 0x000002b9   Thumb Code     2  heapauxi.o(.text)
    __main                                   0x000002bd   Thumb Code     0  main.o(main)
    I2C_Init                                 0x0000031d   Thumb Code    92  i2c_init.o(routines)
    Write_I2C                                0x00000379   Thumb Code    76  i2c_init.o(routines)
    Timer2_Init                              0x000003f1   Thumb Code    86  timer2_init.o(routines)
    Timer2_Run                               0x00000447   Thumb Code    20  timer2_init.o(routines)
    TM2_Handler                              0x0000045b   Thumb Code    76  timer2_init.o(routines)
    Timer3_Init                              0x000004d1   Thumb Code    96  timer3_init.o(routines)
    Timer3_Run                               0x00000531   Thumb Code    20  timer3_init.o(routines)
    TM3_Handler                              0x00000545   Thumb Code    46  timer3_init.o(routines)
    ADC_Init                                 0x000005a1   Thumb Code   134  adc_init.o(routines)
    ADC_Store                                0x00000627   Thumb Code    32  adc_init.o(routines)
    CLK_Init                                 0x00000681   Thumb Code   116  clk_init.o(routines)
    ADC2_Init                                0x00000701   Thumb Code   134  adc2_init.o(routines)
    ADC_Sample                               0x00000787   Thumb Code    50  adc2_init.o(routines)
    BUTT_INIT                                0x000007f5   Thumb Code    72  gpio_init.o(routines)
    buttleft                                 0x0000083d   Thumb Code    56  gpio_init.o(routines)
    buttright                                0x00000875   Thumb Code    56  gpio_init.o(routines)
    LED_INIT                                 0x000008d5   Thumb Code    48  led_init.o(routines)
    RLEDON                                   0x00000905   Thumb Code    10  led_init.o(routines)
    BLEDON                                   0x0000090f   Thumb Code    10  led_init.o(routines)
    GLEDON                                   0x00000919   Thumb Code    10  led_init.o(routines)



==============================================================================

Memory Map of the image

  Image Entry point : 0x0000026d

  Load Region LR_1 (Base: 0x00000000, Size: 0x00000d38, Max: 0xffffffff, ABSOLUTE)

    Execution Region ER_RO (Exec base: 0x00000000, Load base: 0x00000000, Size: 0x00000938, Max: 0xffffffff, ABSOLUTE)

    Exec Addr    Load Addr    Size         Type   Attr      Idx    E Section Name        Object

    0x00000000   0x00000000   0x0000028c   Code   RO           12  * RESET               startup.o
    0x0000028c   0x0000028c   0x00000028   Code   RO           43    .text               delay_100.o
    0x000002b4   0x000002b4   0x00000006   Code   RO           53    .text               c_w.l(heapauxi.o)
    0x000002ba   0x000002ba   0x00000002   PAD
    0x000002bc   0x000002bc   0x00000060   Code   RO            1    main                main.o
    0x0000031c   0x0000031c   0x000000d4   Code   RO            6    routines            i2c_init.o
    0x000003f0   0x000003f0   0x000000e0   Code   RO           19    routines            timer2_init.o
    0x000004d0   0x000004d0   0x000000d0   Code   RO           23    routines            timer3_init.o
    0x000005a0   0x000005a0   0x000000e0   Code   RO           27    routines            adc_init.o
    0x00000680   0x00000680   0x00000080   Code   RO           31    routines            clk_init.o
    0x00000700   0x00000700   0x000000f4   Code   RO           35    routines            adc2_init.o
    0x000007f4   0x000007f4   0x000000e0   Code   RO           39    routines            gpio_init.o
    0x000008d4   0x000008d4   0x00000064   Code   RO           47    routines            led_init.o


    Execution Region ER_RW (Exec base: 0x20000000, Load base: 0x00000938, Size: 0x00000400, Max: 0xffffffff, ABSOLUTE)

    Exec Addr    Load Addr    Size         Type   Attr      Idx    E Section Name        Object

    0x20000000   0x00000938   0x00000400   Data   RW           10    STACK               startup.o


    Execution Region ER_ZI (Exec base: 0x20000400, Load base: 0x00000d38, Size: 0x00000000, Max: 0xffffffff, ABSOLUTE)

    **** No section assigned to this execution region ****


==============================================================================

Image component sizes


      Code (inc. data)   RO Data    RW Data    ZI Data      Debug   Object Name

       244         60          0          0          0        444   adc2_init.o
       224         58          0          0          0        432   adc_init.o
       128         12          0          0          0        376   clk_init.o
        40          4          0          0          0        348   delay_100.o
       224         40          0          0          0        476   gpio_init.o
       212         44          0          0          0        432   i2c_init.o
       100         22          0          0          0        460   led_init.o
        96          2          0          0          0        248   main.o
       652        620          0       1024          0        736   startup.o
       224         42          0          0          0        484   timer2_init.o
       208         46          0          0          0        476   timer3_init.o

    ----------------------------------------------------------------------
      2352        950          0       1024          0       4912   Object Totals
         0          0          0          0          0          0   (incl. Generated)
         0          0          0          0          0          0   (incl. Padding)

    ----------------------------------------------------------------------

      Code (inc. data)   RO Data    RW Data    ZI Data      Debug   Library Member Name

         6          0          0          0          0        152   heapauxi.o

    ----------------------------------------------------------------------
         8          0          0          0          0        152   Library Totals
         2          0          0          0          0          0   (incl. Padding)

    ----------------------------------------------------------------------

      Code (inc. data)   RO Data    RW Data    ZI Data      Debug   Library Name

         6          0          0          0          0        152   c_w.l

    ----------------------------------------------------------------------
         8          0          0          0          0        152   Library Totals

    ----------------------------------------------------------------------

==============================================================================


      Code (inc. data)   RO Data    RW Data    ZI Data      Debug   

      2360        950          0       1024          0       4164   Grand Totals
      2360        950          0       1024          0       4164   ELF Image Totals
      2360        950          0       1024          0          0   ROM Totals

==============================================================================

    Total RO  Size (Code + RO Data)                 2360 (   2.30kB)
    Total RW  Size (RW Data + ZI Data)              1024 (   1.00kB)
    Total ROM Size (Code + RO Data + RW Data)       3384 (   3.30kB)

==============================================================================

